mode: set
go-library-api/handler/auth_handler.go:27.79,29.2 1 1
go-library-api/handler/auth_handler.go:52.48,55.43 2 1
go-library-api/handler/auth_handler.go:55.43,60.3 3 0
go-library-api/handler/auth_handler.go:63.2,64.16 2 1
go-library-api/handler/auth_handler.go:64.16,67.3 2 0
go-library-api/handler/auth_handler.go:69.2,70.16 2 1
go-library-api/handler/auth_handler.go:70.16,73.3 2 1
go-library-api/handler/auth_handler.go:75.2,75.49 1 1
go-library-api/handler/auth_handler.go:88.45,92.43 2 0
go-library-api/handler/auth_handler.go:92.43,97.3 3 0
go-library-api/handler/auth_handler.go:100.2,101.16 2 0
go-library-api/handler/auth_handler.go:101.16,104.3 2 0
go-library-api/handler/auth_handler.go:107.2,107.18 1 0
go-library-api/handler/auth_handler.go:107.18,110.3 2 0
go-library-api/handler/auth_handler.go:113.2,114.16 2 0
go-library-api/handler/auth_handler.go:114.16,117.3 2 0
go-library-api/handler/auth_handler.go:120.2,122.21 2 0
go-library-api/handler/auth_handler.go:122.21,125.3 2 0
go-library-api/handler/auth_handler.go:127.2,136.16 4 0
go-library-api/handler/auth_handler.go:136.16,139.3 2 0
go-library-api/handler/auth_handler.go:141.2,143.4 1 0
go-library-api/handler/auth_handler.go:146.48,149.66 2 0
go-library-api/handler/auth_handler.go:149.66,150.38 1 0
go-library-api/handler/auth_handler.go:150.38,151.19 1 0
go-library-api/handler/auth_handler.go:152.20,153.54 1 0
go-library-api/handler/auth_handler.go:154.15,155.89 1 0
go-library-api/handler/auth_handler.go:156.17,157.72 1 0
go-library-api/handler/auth_handler.go:158.12,159.55 1 0
go-library-api/handler/auth_handler.go:163.2,163.22 1 0
go-library-api/handler/auth_handler.go:163.22,165.3 1 0
go-library-api/handler/auth_handler.go:167.2,167.15 1 0
go-library-api/handler/book_handler.go:15.67,17.2 1 0
go-library-api/handler/book_handler.go:19.50,25.41 2 0
go-library-api/handler/book_handler.go:25.41,28.3 2 0
go-library-api/handler/book_handler.go:30.2,31.16 2 0
go-library-api/handler/book_handler.go:31.16,34.3 2 0
go-library-api/handler/book_handler.go:36.2,36.34 1 0
go-library-api/handler/book_handler.go:39.51,41.16 2 0
go-library-api/handler/book_handler.go:41.16,44.3 2 0
go-library-api/handler/book_handler.go:45.2,45.30 1 0
go-library-api/handler/book_handler.go:48.51,51.16 3 0
go-library-api/handler/book_handler.go:51.16,54.3 2 0
go-library-api/handler/book_handler.go:56.2,57.16 2 0
go-library-api/handler/book_handler.go:57.16,60.3 2 0
go-library-api/handler/book_handler.go:62.2,62.18 1 0
go-library-api/handler/book_handler.go:62.18,65.3 2 0
go-library-api/handler/book_handler.go:67.2,67.29 1 0
go-library-api/handler/checkout_handler.go:19.136,25.2 1 0
go-library-api/handler/checkout_handler.go:27.56,32.41 2 0
go-library-api/handler/checkout_handler.go:32.41,35.3 2 0
go-library-api/handler/checkout_handler.go:37.2,39.17 2 0
go-library-api/handler/checkout_handler.go:39.17,42.3 2 0
go-library-api/handler/checkout_handler.go:44.2,45.16 2 0
go-library-api/handler/checkout_handler.go:45.16,48.3 2 0
go-library-api/handler/checkout_handler.go:50.2,50.18 1 0
go-library-api/handler/checkout_handler.go:50.18,53.3 2 0
go-library-api/handler/checkout_handler.go:55.2,55.23 1 0
go-library-api/handler/checkout_handler.go:55.23,58.3 2 0
go-library-api/handler/checkout_handler.go:60.2,61.16 2 0
go-library-api/handler/checkout_handler.go:61.16,64.3 2 0
go-library-api/handler/checkout_handler.go:66.2,70.16 3 0
go-library-api/handler/checkout_handler.go:70.16,73.3 2 0
go-library-api/handler/checkout_handler.go:75.2,76.16 2 0
go-library-api/handler/checkout_handler.go:76.16,79.3 2 0
go-library-api/handler/checkout_handler.go:82.2,82.77 1 0
go-library-api/handler/checkout_handler.go:82.77,84.3 1 0
go-library-api/handler/checkout_handler.go:86.2,86.87 1 0
go-library-api/handler/checkout_handler.go:86.87,89.3 2 0
go-library-api/handler/checkout_handler.go:91.2,91.36 1 0
go-library-api/handler/checkout_handler.go:91.36,94.3 2 0
go-library-api/handler/checkout_handler.go:96.2,96.38 1 0
go-library-api/handler/checkout_handler.go:99.54,102.16 3 0
go-library-api/handler/checkout_handler.go:102.16,105.3 2 0
go-library-api/handler/checkout_handler.go:107.2,108.16 2 0
go-library-api/handler/checkout_handler.go:108.16,111.3 2 0
go-library-api/handler/checkout_handler.go:113.2,113.31 1 0
go-library-api/handler/checkout_handler.go:113.31,116.3 2 0
go-library-api/handler/checkout_handler.go:118.2,118.68 1 0
go-library-api/handler/checkout_handler.go:118.68,121.3 2 0
go-library-api/handler/checkout_handler.go:123.2,123.81 1 0
go-library-api/handler/checkout_handler.go:123.81,125.3 1 0
go-library-api/handler/checkout_handler.go:127.2,127.71 1 0
go-library-api/handler/user_handler.go:15.67,17.2 1 0
go-library-api/handler/user_handler.go:40.51,42.16 2 0
go-library-api/handler/user_handler.go:42.16,45.3 2 0
go-library-api/handler/user_handler.go:47.2,47.30 1 0
go-library-api/handler/user_handler.go:50.51,54.16 3 0
go-library-api/handler/user_handler.go:54.16,57.3 2 0
go-library-api/handler/user_handler.go:59.2,60.16 2 0
go-library-api/handler/user_handler.go:60.16,63.3 2 0
go-library-api/handler/user_handler.go:65.2,65.18 1 0
go-library-api/handler/user_handler.go:65.18,68.3 2 0
go-library-api/handler/user_handler.go:70.2,70.29 1 0
